// Jest Snapshot v1, https://goo.gl/fbAQLP

exports[`Button Match with snapshot 1`] = `
<View
  accessibilityState={
    {
      "busy": undefined,
      "checked": undefined,
      "disabled": undefined,
      "expanded": undefined,
      "selected": undefined,
    }
  }
  accessibilityValue={
    {
      "max": undefined,
      "min": undefined,
      "now": undefined,
      "text": undefined,
    }
  }
  accessible={true}
  collapsable={false}
  focusable={false}
  onClick={[Function]}
  onResponderGrant={[Function]}
  onResponderMove={[Function]}
  onResponderRelease={[Function]}
  onResponderTerminate={[Function]}
  onResponderTerminationRequest={[Function]}
  onStartShouldSetResponder={[Function]}
  style={
    {
      "alignItems": "center",
      "borderBottomLeftRadius": 12,
      "borderBottomRightRadius": 12,
      "borderTopLeftRadius": 12,
      "borderTopRightRadius": 12,
      "flexDirection": "row",
      "height": 44,
      "justifyContent": "center",
      "marginBottom": 12,
      "marginTop": 12,
      "opacity": 1,
      "width": "100%",
    }
  }
  testID="fake-text"
>
  <Text
    style={
      [
        {
          "fontWeight": "700",
        },
        {
          "textAlign": "center",
        },
        {
          "fontSize": 16,
          "lineHeight": 24,
        },
        {
          "color": "#F8F9FA",
        },
      ]
    }
  >
    fake-text
  </Text>
</View>
`;
